###############################################################################
#
# IAR ELF Linker V8.50.1.245/W32 for ARM                  24/Jul/2020  00:04:24
# Copyright 2007-2020 IAR Systems AB.
#
#    Output file  =
#        B:\Works\temp\RayPong\Project\EWARM\RayPong\Exe\RayPong.out
#    Map file     =
#        B:\Works\temp\RayPong\Project\EWARM\RayPong\List\RayPong.map
#    Command line =
#        -f C:\Users\Alex\AppData\Local\Temp\EWB3AA.tmp
#        (B:\Works\temp\RayPong\Project\EWARM\RayPong\Obj\adc.o
#        B:\Works\temp\RayPong\Project\EWARM\RayPong\Obj\bsp.o
#        B:\Works\temp\RayPong\Project\EWARM\RayPong\Obj\control_task.o
#        B:\Works\temp\RayPong\Project\EWARM\RayPong\Obj\dac.o
#        B:\Works\temp\RayPong\Project\EWARM\RayPong\Obj\diskio.o
#        B:\Works\temp\RayPong\Project\EWARM\RayPong\Obj\dma.o
#        B:\Works\temp\RayPong\Project\EWARM\RayPong\Obj\fatfs.o
#        B:\Works\temp\RayPong\Project\EWARM\RayPong\Obj\ff.o
#        B:\Works\temp\RayPong\Project\EWARM\RayPong\Obj\ff_gen_drv.o
#        B:\Works\temp\RayPong\Project\EWARM\RayPong\Obj\gpio.o
#        B:\Works\temp\RayPong\Project\EWARM\RayPong\Obj\main.o
#        B:\Works\temp\RayPong\Project\EWARM\RayPong\Obj\spi.o
#        B:\Works\temp\RayPong\Project\EWARM\RayPong\Obj\startup_stm32f091xc.o
#        B:\Works\temp\RayPong\Project\EWARM\RayPong\Obj\stm32f0xx_hal.o
#        B:\Works\temp\RayPong\Project\EWARM\RayPong\Obj\stm32f0xx_hal_adc.o
#        B:\Works\temp\RayPong\Project\EWARM\RayPong\Obj\stm32f0xx_hal_adc_ex.o
#        B:\Works\temp\RayPong\Project\EWARM\RayPong\Obj\stm32f0xx_hal_cortex.o
#        B:\Works\temp\RayPong\Project\EWARM\RayPong\Obj\stm32f0xx_hal_dac.o
#        B:\Works\temp\RayPong\Project\EWARM\RayPong\Obj\stm32f0xx_hal_dac_ex.o
#        B:\Works\temp\RayPong\Project\EWARM\RayPong\Obj\stm32f0xx_hal_dma.o
#        B:\Works\temp\RayPong\Project\EWARM\RayPong\Obj\stm32f0xx_hal_exti.o
#        B:\Works\temp\RayPong\Project\EWARM\RayPong\Obj\stm32f0xx_hal_flash.o
#        B:\Works\temp\RayPong\Project\EWARM\RayPong\Obj\stm32f0xx_hal_flash_ex.o
#        B:\Works\temp\RayPong\Project\EWARM\RayPong\Obj\stm32f0xx_hal_gpio.o
#        B:\Works\temp\RayPong\Project\EWARM\RayPong\Obj\stm32f0xx_hal_i2c.o
#        B:\Works\temp\RayPong\Project\EWARM\RayPong\Obj\stm32f0xx_hal_i2c_ex.o
#        B:\Works\temp\RayPong\Project\EWARM\RayPong\Obj\stm32f0xx_hal_msp.o
#        B:\Works\temp\RayPong\Project\EWARM\RayPong\Obj\stm32f0xx_hal_pwr.o
#        B:\Works\temp\RayPong\Project\EWARM\RayPong\Obj\stm32f0xx_hal_pwr_ex.o
#        B:\Works\temp\RayPong\Project\EWARM\RayPong\Obj\stm32f0xx_hal_rcc.o
#        B:\Works\temp\RayPong\Project\EWARM\RayPong\Obj\stm32f0xx_hal_rcc_ex.o
#        B:\Works\temp\RayPong\Project\EWARM\RayPong\Obj\stm32f0xx_hal_spi.o
#        B:\Works\temp\RayPong\Project\EWARM\RayPong\Obj\stm32f0xx_hal_spi_ex.o
#        B:\Works\temp\RayPong\Project\EWARM\RayPong\Obj\stm32f0xx_hal_tim.o
#        B:\Works\temp\RayPong\Project\EWARM\RayPong\Obj\stm32f0xx_hal_tim_ex.o
#        B:\Works\temp\RayPong\Project\EWARM\RayPong\Obj\stm32f0xx_hal_uart.o
#        B:\Works\temp\RayPong\Project\EWARM\RayPong\Obj\stm32f0xx_hal_uart_ex.o
#        B:\Works\temp\RayPong\Project\EWARM\RayPong\Obj\stm32f0xx_it.o
#        B:\Works\temp\RayPong\Project\EWARM\RayPong\Obj\syscall.o
#        B:\Works\temp\RayPong\Project\EWARM\RayPong\Obj\system_stm32f0xx.o
#        B:\Works\temp\RayPong\Project\EWARM\RayPong\Obj\tim.o
#        B:\Works\temp\RayPong\Project\EWARM\RayPong\Obj\usart.o
#        B:\Works\temp\RayPong\Project\EWARM\RayPong\Obj\user_diskio.o
#        B:\Works\temp\RayPong\Project\EWARM\RayPong\Obj\wifi_task.o
#        B:\Works\temp\RayPong\Project\EWARM\RayPong\Obj\ws2812_task.o
#        --redirect _Printf=_PrintfFull --redirect _Scanf=_ScanfFull
#        --no_out_extension -o
#        B:\Works\temp\RayPong\Project\EWARM\RayPong\Exe\RayPong.out --map
#        B:\Works\temp\RayPong\Project\EWARM\RayPong\List\RayPong.map --config
#        B:\Works\temp\RayPong\Project\EWARM/stm32f091xc_flash.icf
#        --semihosting --entry __iar_program_start --vfe --text_out locale)
#
###############################################################################

*******************************************************************************
*** RUNTIME MODEL ATTRIBUTES
***

CppFlavor       = *
__SystemLibrary = DLib
__dlib_version  = 6


*******************************************************************************
*** HEAP SELECTION
***

The basic heap was selected because no calls to memory allocation
functions were found in the application outside of system library
functions, and there are calls to deallocation functions in the
application.


*******************************************************************************
*** PLACEMENT SUMMARY
***

"A0":  place at address 0x800'0000 { ro section .intvec };
"P1":  place in [from 0x800'0000 to 0x803'ffff] { ro };
define block CSTACK with size = 4K, alignment = 8 { };
define block HEAP with size = 1K, alignment = 8 { };
"P2":  place in [from 0x2000'0000 to 0x2000'7fff] {
          rw, block CSTACK, block HEAP };
initialize by copy { rw };

  Section            Kind         Address    Size  Object
  -------            ----         -------    ----  ------
"A0":                                        0xbc
  .intvec            ro code   0x800'0000    0xbc  startup_stm32f091xc.o [1]
                             - 0x800'00bc    0xbc

"P1":                                      0x33b6
  .text              ro code   0x800'00bc   0xa54  stm32f0xx_hal_tim.o [1]
  .text              ro code   0x800'0b10   0x448  tim.o [1]
  .text              ro code   0x800'0f58     0x2  stm32f0xx_hal_tim.o [1]
  .text              ro code   0x800'0f5a     0x2  stm32f0xx_hal_tim.o [1]
  .text              ro code   0x800'0f5c   0x230  stm32f0xx_hal_dma.o [1]
  .text              ro code   0x800'118c     0x2  stm32f0xx_hal_tim.o [1]
  .text              ro code   0x800'118e     0x2  stm32f0xx_hal_tim.o [1]
  .text              ro code   0x800'1190   0x1b8  ws2812_task.o [1]
  .text              ro code   0x800'1348   0x106  main.o [1]
  .text              ro code   0x800'144e     0x2  stm32f0xx_hal_tim_ex.o [1]
  .text              ro code   0x800'1450     0x2  stm32f0xx_hal_tim.o [1]
  .text              ro code   0x800'1452     0x2  stm32f0xx_hal_tim_ex.o [1]
  .text              ro code   0x800'1454     0x2  stm32f0xx_hal_tim.o [1]
  .text              ro code   0x800'1456     0x2  stm32f0xx_hal_tim.o [1]
  .text              ro code   0x800'1458    0x14  memset.o [3]
  .text              ro code   0x800'146c    0xf0  stm32f0xx_hal_tim_ex.o [1]
  .text              ro code   0x800'155c   0x11c  stm32f0xx_hal_cortex.o [1]
  .text              ro code   0x800'1678   0x244  stm32f0xx_hal_gpio.o [1]
  .text              ro code   0x800'18bc    0xae  I32DivModFast.o [3]
  .text              ro code   0x800'196a     0x2  startup_stm32f091xc.o [1]
  .text              ro code   0x800'196c    0x20  stm32f0xx_hal.o [1]
  .text              ro code   0x800'198c   0x11c  gpio.o [1]
  .text              ro code   0x800'1aa8    0x2c  dma.o [1]
  .text              ro code   0x800'1ad4   0x114  adc.o [1]
  .text              ro code   0x800'1be8    0xc8  dac.o [1]
  .text              ro code   0x800'1cb0    0xb8  spi.o [1]
  .text              ro code   0x800'1d68    0xa0  usart.o [1]
  .text              ro code   0x800'1e08    0x1c  fatfs.o [1]
  .text              ro code   0x800'1e24     0xc  control_task.o [1]
  .text              ro code   0x800'1e30     0xc  wifi_task.o [1]
  .text              ro code   0x800'1e3c   0x7ac  stm32f0xx_hal_rcc.o [1]
  .text              ro code   0x800'25e8    0x4e  ABImemset.o [3]
  .text              ro code   0x800'2636     0x2  startup_stm32f091xc.o [1]
  .text              ro code   0x800'2638     0x2  IntDivZer.o [3]
  .text              ro code   0x800'263a     0x2  startup_stm32f091xc.o [1]
  .text              ro code   0x800'263c    0x50  stm32f0xx_hal.o [1]
  .text              ro code   0x800'268c    0x34  stm32f0xx_hal_msp.o [1]
  .text              ro code   0x800'26c0   0x35c  stm32f0xx_hal_adc.o [1]
  .text              ro code   0x800'2a1c    0x2c  stm32f0xx_hal_dac.o [1]
  .text              ro code   0x800'2a48    0xc4  stm32f0xx_hal_dac_ex.o [1]
  .text              ro code   0x800'2b0c    0xd8  stm32f0xx_hal_spi.o [1]
  .text              ro code   0x800'2be4   0x570  stm32f0xx_hal_uart.o [1]
  .text              ro code   0x800'3154    0x60  ff_gen_drv.o [1]
  .text              ro code   0x800'31b4     0xc  stm32f0xx_hal.o [1]
  .text              ro code   0x800'31c0    0x34  ABImemcpy.o [3]
  .text              ro code   0x800'31f4     0x2  stm32f0xx_hal_dac.o [1]
  .text              ro code   0x800'31f6     0x2  stm32f0xx_hal_dac_ex.o [1]
  .text              ro code   0x800'31f8    0x4c  stm32f0xx_it.o [1]
  .text              ro code   0x800'3244    0x18  stm32f0xx_hal.o [1]
  .text              ro code   0x800'325c    0x3c  zero_init3.o [3]
  .text              ro code   0x800'3298    0x3c  packbits_init_single.o [3]
  .text              ro code   0x800'32d4    0x38  user_diskio.o [1]
  .text              ro code   0x800'330c    0x28  data_init.o [3]
  .iar.init_table    const     0x800'3334    0x20  - Linker created -
  .text              ro code   0x800'3354    0x1e  cmain.o [3]
  .text              ro code   0x800'3372     0x4  low_level_init.o [2]
  .text              ro code   0x800'3376     0x8  exit.o [2]
  .text              ro code   0x800'337e     0x2  startup_stm32f091xc.o [1]
  .text              ro code   0x800'3380     0xa  cexit.o [3]
  .text              ro code   0x800'338a     0x2  startup_stm32f091xc.o [1]
  .text              ro code   0x800'338c    0x14  exit.o [4]
  .rodata            const     0x800'33a0    0x10  stm32f0xx_hal_rcc.o [1]
  .rodata            const     0x800'33b0    0x10  stm32f0xx_hal_rcc.o [1]
  .rodata            const     0x800'33c0    0x10  system_stm32f0xx.o [1]
  .text              ro code   0x800'33d0    0x10  startup_stm32f091xc.o [1]
  .text              ro code   0x800'33e0     0xc  cstartup_M.o [3]
  .rodata            const     0x800'33ec     0x8  system_stm32f0xx.o [1]
  .text              ro code   0x800'33f4     0x2  startup_stm32f091xc.o [1]
  .text              ro code   0x800'33f6     0x2  startup_stm32f091xc.o [1]
  .text              ro code   0x800'33f8     0x2  startup_stm32f091xc.o [1]
  .text              ro code   0x800'33fa     0x2  startup_stm32f091xc.o [1]
  .text              ro code   0x800'33fc     0x2  startup_stm32f091xc.o [1]
  .text              ro code   0x800'33fe     0x2  startup_stm32f091xc.o [1]
  .text              ro code   0x800'3400     0x2  startup_stm32f091xc.o [1]
  .text              ro code   0x800'3402     0x2  startup_stm32f091xc.o [1]
  .text              ro code   0x800'3404     0x2  startup_stm32f091xc.o [1]
  .text              ro code   0x800'3406     0x2  startup_stm32f091xc.o [1]
  .text              ro code   0x800'3408     0x2  startup_stm32f091xc.o [1]
  .text              ro code   0x800'340a     0x2  startup_stm32f091xc.o [1]
  .text              ro code   0x800'340c     0x2  startup_stm32f091xc.o [1]
  .text              ro code   0x800'340e     0x2  startup_stm32f091xc.o [1]
  .text              ro code   0x800'3410     0x2  startup_stm32f091xc.o [1]
  .text              ro code   0x800'3412     0x2  startup_stm32f091xc.o [1]
  .text              ro code   0x800'3414     0x2  startup_stm32f091xc.o [1]
  .text              ro code   0x800'3416     0x2  startup_stm32f091xc.o [1]
  .text              ro code   0x800'3418     0x2  startup_stm32f091xc.o [1]
  .text              ro code   0x800'341a     0x2  startup_stm32f091xc.o [1]
  .text              ro code   0x800'341c     0x2  startup_stm32f091xc.o [1]
  .text              ro code   0x800'341e     0x2  startup_stm32f091xc.o [1]
  .text              ro code   0x800'3420     0x2  startup_stm32f091xc.o [1]
  .text              ro code   0x800'3424     0x2  system_stm32f0xx.o [1]
  .rodata            const     0x800'3426     0x0  zero_init3.o [3]
  .rodata            const     0x800'3426     0x0  packbits_init_single.o [3]
  Initializer bytes  const     0x800'3426    0x4c  <for P2-1>
                             - 0x800'3472  0x33b6

"P2", part 1 of 3:                          0x7aa
  P2-1                        0x2000'0000   0x7aa  <Init block>
    .data            inited   0x2000'0000     0x4  stm32f0xx_hal.o [1]
    .data            inited   0x2000'0004     0x4  system_stm32f0xx.o [1]
    .data            inited   0x2000'0008    0x14  user_diskio.o [1]
    .data            inited   0x2000'001c   0x780  ws2812_task.o [1]
    .data            inited   0x2000'079c     0x4  ws2812_task.o [1]
    .data            inited   0x2000'07a0     0x4  ws2812_task.o [1]
    .data            inited   0x2000'07a4     0x4  ws2812_task.o [1]
    .data            inited   0x2000'07a8     0x1  stm32f0xx_hal.o [1]
    .data            inited   0x2000'07a9     0x1  user_diskio.o [1]
                            - 0x2000'07aa   0x7aa

"P2", part 2 of 3:                          0x3e4
  .bss               zero     0x2000'07ac   0x140  ws2812_task.o [1]
  .bss               zero     0x2000'08ec    0x80  usart.o [1]
  .bss               zero     0x2000'096c    0x64  spi.o [1]
  .bss               zero     0x2000'09d0    0x44  tim.o [1]
  .bss               zero     0x2000'0a14    0x40  adc.o [1]
  .bss               zero     0x2000'0a54    0x40  tim.o [1]
  .bss               zero     0x2000'0a94    0x40  tim.o [1]
  .bss               zero     0x2000'0ad4    0x40  tim.o [1]
  .bss               zero     0x2000'0b14    0x40  tim.o [1]
  .bss               zero     0x2000'0b54    0x14  dac.o [1]
  .bss               zero     0x2000'0b68     0xc  ff_gen_drv.o [1]
  .bss               zero     0x2000'0b74     0x4  fatfs.o [1]
  .bss               zero     0x2000'0b78     0x4  stm32f0xx_hal.o [1]
  .bss               zero     0x2000'0b7c     0x4  ws2812_task.o [1]
  .bss               zero     0x2000'0b80     0x4  ws2812_task.o [1]
  .bss               zero     0x2000'0b84     0x2  control_task.o [1]
  .bss               zero     0x2000'0b86     0x2  wifi_task.o [1]
  .bss               zero     0x2000'0b88     0x2  ws2812_task.o [1]
  .bss               zero     0x2000'0b8a     0x1  fatfs.o [1]
  .bss               zero     0x2000'0b8b     0x1  ws2812_task.o [1]
  .bss               zero     0x2000'0b8c     0x1  ws2812_task.o [1]
  .bss               zero     0x2000'0b8d     0x1  ws2812_task.o [1]
                            - 0x2000'0b8e   0x3e2

"P2", part 3 of 3:                         0x1000
  CSTACK                      0x2000'0b90  0x1000  <Block>
    CSTACK           uninit   0x2000'0b90  0x1000  <Block tail>
                            - 0x2000'1b90  0x1000

Unused ranges:

         From           To      Size
         ----           --      ----
   0x800'3472   0x803'ffff  0x3'cb8e
  0x2000'07aa  0x2000'07ab       0x2
  0x2000'1b90  0x2000'7fff    0x6470


*******************************************************************************
*** INIT TABLE
***

          Address      Size
          -------      ----
Zero (__iar_zero_init3)
    1 destination range, total size 0x3e2:
          0x2000'07ac  0x3e2

Copy/packbits (__iar_packbits_init_single3)
    1 source range, total size 0x4c (3% of destination):
           0x800'3426   0x4c
    1 destination range, total size 0x7aa:
          0x2000'0000  0x7aa



*******************************************************************************
*** MODULE SUMMARY
***

    Module                  ro code  ro data  rw data
    ------                  -------  -------  -------
command line/config:
    -------------------------------------------------
    Total:

B:\Works\temp\RayPong\Project\EWARM\RayPong\Obj: [1]
    adc.o                       276                64
    control_task.o               12                 2
    dac.o                       200                20
    dma.o                        44
    fatfs.o                      28                 5
    ff_gen_drv.o                 96                12
    gpio.o                      284
    main.o                      262
    spi.o                       184               100
    startup_stm32f091xc.o       260
    stm32f0xx_hal.o             148                 9
    stm32f0xx_hal_adc.o         860
    stm32f0xx_hal_cortex.o      284
    stm32f0xx_hal_dac.o          46
    stm32f0xx_hal_dac_ex.o      198
    stm32f0xx_hal_dma.o         560
    stm32f0xx_hal_gpio.o        580
    stm32f0xx_hal_msp.o          52
    stm32f0xx_hal_rcc.o       1'964       32
    stm32f0xx_hal_spi.o         216
    stm32f0xx_hal_tim.o       2'658
    stm32f0xx_hal_tim_ex.o      244
    stm32f0xx_hal_uart.o      1'392
    stm32f0xx_it.o               76
    system_stm32f0xx.o            2       24        4
    tim.o                     1'096               324
    usart.o                     160               128
    user_diskio.o                56        2       21
    wifi_task.o                  12                 2
    ws2812_task.o               440       74    2'265
    -------------------------------------------------
    Total:                   12'690      132    2'956

dl6M_tlf.a: [2]
    exit.o                        8
    low_level_init.o              4
    -------------------------------------------------
    Total:                       12

rt6M_tl.a: [3]
    ABImemcpy.o                  52
    ABImemset.o                  78
    I32DivModFast.o             174
    IntDivZer.o                   2
    cexit.o                      10
    cmain.o                      30
    cstartup_M.o                 12
    data_init.o                  40
    memset.o                     20
    packbits_init_single.o       60
    zero_init3.o                 60
    -------------------------------------------------
    Total:                      538

shb_l.a: [4]
    exit.o                       20
    -------------------------------------------------
    Total:                       20

    Gaps                          2
    Linker created                        32    4'096
-----------------------------------------------------
    Grand Total:             13'262      164    7'052


*******************************************************************************
*** ENTRY LIST
***

Entry                       Address   Size  Type      Object
-----                       -------   ----  ----      ------
.iar.init_table$$Base    0x800'3334          --   Gb  - Linker created -
.iar.init_table$$Limit   0x800'3354          --   Gb  - Linker created -
?main                    0x800'3355         Code  Gb  cmain.o [3]
AHBPrescTable            0x800'33c0   0x10  Data  Gb  system_stm32f0xx.o [1]
APBPrescTable            0x800'33ec    0x8  Data  Gb  system_stm32f0xx.o [1]
CSTACK$$Base            0x2000'0b90          --   Gb  - Linker created -
CSTACK$$Limit           0x2000'1b90          --   Gb  - Linker created -
DMA1_Ch2_3_DMA2_Ch1_2_IRQHandler
                         0x800'320b    0xa  Code  Gb  stm32f0xx_it.o [1]
DMA_CalcBaseAndBitshift
                         0x800'1141   0x38  Code  Lc  stm32f0xx_hal_dma.o [1]
DMA_SetConfig            0x800'1117   0x2a  Code  Lc  stm32f0xx_hal_dma.o [1]
Error_Handler            0x800'144d    0x2  Code  Gb  main.o [1]
FATFS_LinkDriver         0x800'319f   0x12  Code  Gb  ff_gen_drv.o [1]
FATFS_LinkDriverEx       0x800'3155   0x4a  Code  Gb  ff_gen_drv.o [1]
HAL_ADC_ConfigChannel    0x800'288d  0x17e  Code  Gb  stm32f0xx_hal_adc.o [1]
HAL_ADC_Init             0x800'26c1  0x1be  Code  Gb  stm32f0xx_hal_adc.o [1]
HAL_ADC_MspInit          0x800'1b59   0x7c  Code  Gb  adc.o [1]
HAL_DAC_ConfigChannel    0x800'2a49   0x3e  Code  Gb  stm32f0xx_hal_dac_ex.o [1]
HAL_DAC_DMAUnderrunCallbackCh1
                         0x800'31f5    0x2  Code  Wk  stm32f0xx_hal_dac.o [1]
HAL_DAC_IRQHandler       0x800'2a87   0x7a  Code  Gb  stm32f0xx_hal_dac_ex.o [1]
HAL_DAC_Init             0x800'2a1d   0x2c  Code  Gb  stm32f0xx_hal_dac.o [1]
HAL_DAC_MspInit          0x800'1c35   0x6a  Code  Gb  dac.o [1]
HAL_DMA_IRQHandler       0x800'1041   0xd6  Code  Gb  stm32f0xx_hal_dma.o [1]
HAL_DMA_Init             0x800'0f5d   0x54  Code  Gb  stm32f0xx_hal_dma.o [1]
HAL_DMA_Start_IT         0x800'0fb5   0x8c  Code  Gb  stm32f0xx_hal_dma.o [1]
HAL_GPIO_Init            0x800'1679  0x200  Code  Gb  stm32f0xx_hal_gpio.o [1]
HAL_GPIO_WritePin        0x800'187d   0x1a  Code  Gb  stm32f0xx_hal_gpio.o [1]
HAL_GetTick              0x800'31b5    0xc  Code  Wk  stm32f0xx_hal.o [1]
HAL_IncTick              0x800'3245   0x18  Code  Wk  stm32f0xx_hal.o [1]
HAL_Init                 0x800'196d   0x1a  Code  Gb  stm32f0xx_hal.o [1]
HAL_InitTick             0x800'263d   0x50  Code  Wk  stm32f0xx_hal.o [1]
HAL_MspInit              0x800'268d   0x34  Code  Gb  stm32f0xx_hal_msp.o [1]
HAL_NVIC_EnableIRQ       0x800'1647    0xe  Code  Gb  stm32f0xx_hal_cortex.o [1]
HAL_NVIC_SetPriority     0x800'1633   0x14  Code  Gb  stm32f0xx_hal_cortex.o [1]
HAL_RCC_ClockConfig      0x800'239d  0x13a  Code  Gb  stm32f0xx_hal_rcc.o [1]
HAL_RCC_GetHCLKFreq      0x800'2593    0x6  Code  Gb  stm32f0xx_hal_rcc.o [1]
HAL_RCC_GetPCLK1Freq     0x800'2599   0x18  Code  Gb  stm32f0xx_hal_rcc.o [1]
HAL_RCC_GetSysClockFreq
                         0x800'24f1   0xa2  Code  Gb  stm32f0xx_hal_rcc.o [1]
HAL_RCC_OscConfig        0x800'1e3d  0x550  Code  Gb  stm32f0xx_hal_rcc.o [1]
HAL_SPI_Init             0x800'2b0d   0xd0  Code  Gb  stm32f0xx_hal_spi.o [1]
HAL_SPI_MspInit          0x800'1cf5   0x60  Code  Gb  spi.o [1]
HAL_SYSTICK_Config       0x800'1655    0xc  Code  Gb  stm32f0xx_hal_cortex.o [1]
HAL_TIMEx_BreakCallback
                         0x800'144f    0x2  Code  Wk  stm32f0xx_hal_tim_ex.o [1]
HAL_TIMEx_CommutCallback
                         0x800'1453    0x2  Code  Wk  stm32f0xx_hal_tim_ex.o [1]
HAL_TIMEx_ConfigBreakDeadTime
                         0x800'14db   0x5e  Code  Gb  stm32f0xx_hal_tim_ex.o [1]
HAL_TIMEx_MasterConfigSynchronization
                         0x800'146d   0x6e  Code  Gb  stm32f0xx_hal_tim_ex.o [1]
HAL_TIM_Base_Init        0x800'00bd   0x38  Code  Gb  stm32f0xx_hal_tim.o [1]
HAL_TIM_Base_MspInit     0x800'0d6d   0xe8  Code  Gb  tim.o [1]
HAL_TIM_Base_Start_IT    0x800'00f5   0x2a  Code  Gb  stm32f0xx_hal_tim.o [1]
HAL_TIM_ConfigClockSource
                         0x800'0661   0xf0  Code  Gb  stm32f0xx_hal_tim.o [1]
HAL_TIM_IRQHandler       0x800'0345  0x1ac  Code  Gb  stm32f0xx_hal_tim.o [1]
HAL_TIM_MspPostInit      0x800'0e5d   0xbe  Code  Gb  tim.o [1]
HAL_TIM_OC_ConfigChannel
                         0x800'04f1   0x6a  Code  Gb  stm32f0xx_hal_tim.o [1]
HAL_TIM_OC_Init          0x800'011f   0x38  Code  Gb  stm32f0xx_hal_tim.o [1]
HAL_TIM_PWM_ConfigChannel
                         0x800'055b  0x102  Code  Gb  stm32f0xx_hal_tim.o [1]
HAL_TIM_PWM_Init         0x800'0157   0x38  Code  Gb  stm32f0xx_hal_tim.o [1]
HAL_TIM_PWM_PulseFinishedCallback
                         0x800'1303    0x8  Code  Gb  ws2812_task.o [1]
HAL_TIM_PWM_Start_DMA    0x800'018f  0x198  Code  Gb  stm32f0xx_hal_tim.o [1]
HAL_TIM_PeriodElapsedCallback
                         0x800'1419   0x1c  Code  Gb  main.o [1]
HAL_UART_Init            0x800'2be5   0x7a  Code  Gb  stm32f0xx_hal_uart.o [1]
HAL_UART_MspInit         0x800'1d99   0x5a  Code  Gb  usart.o [1]
HardFault_Handler        0x800'31fb    0x4  Code  Gb  stm32f0xx_it.o [1]
MX_ADC_Init              0x800'1ad5   0x84  Code  Gb  adc.o [1]
MX_DAC_Init              0x800'1be9   0x4c  Code  Gb  dac.o [1]
MX_DMA_Init              0x800'1aa9   0x2c  Code  Gb  dma.o [1]
MX_FATFS_Init            0x800'1e09   0x10  Code  Gb  fatfs.o [1]
MX_GPIO_Init             0x800'198d  0x11c  Code  Gb  gpio.o [1]
MX_SPI2_Init             0x800'1cb1   0x44  Code  Gb  spi.o [1]
MX_TIM16_Init            0x800'0ccb   0x9a  Code  Gb  tim.o [1]
MX_TIM1_Init             0x800'0b11   0xd4  Code  Gb  tim.o [1]
MX_TIM3_Init             0x800'0be5   0xa2  Code  Gb  tim.o [1]
MX_TIM6_Init             0x800'0c87   0x44  Code  Gb  tim.o [1]
MX_USART6_UART_Init      0x800'1d69   0x30  Code  Gb  usart.o [1]
NMI_Handler              0x800'31f9    0x2  Code  Gb  stm32f0xx_it.o [1]
PendSV_Handler           0x800'3201    0x2  Code  Gb  stm32f0xx_it.o [1]
Region$$Table$$Base      0x800'3334          --   Gb  - Linker created -
Region$$Table$$Limit     0x800'3354          --   Gb  - Linker created -
SVC_Handler              0x800'31ff    0x2  Code  Gb  stm32f0xx_it.o [1]
Stat                    0x2000'07a9    0x1  Data  Lc  user_diskio.o [1]
SysTick_Config           0x800'1601   0x32  Code  Lc  stm32f0xx_hal_cortex.o [1]
SysTick_Handler          0x800'3203    0x8  Code  Gb  stm32f0xx_it.o [1]
SystemClock_Config       0x800'13b3   0x66  Code  Gb  main.o [1]
SystemCoreClock         0x2000'0004    0x4  Data  Gb  system_stm32f0xx.o [1]
SystemInit               0x800'3425    0x2  Code  Gb  system_stm32f0xx.o [1]
TIM16_IRQHandler         0x800'3225    0xe  Code  Gb  stm32f0xx_it.o [1]
TIM6_DAC_IRQHandler      0x800'3215   0x10  Code  Gb  stm32f0xx_it.o [1]
TIM_Base_SetConfig       0x800'07f1   0x86  Code  Gb  stm32f0xx_hal_tim.o [1]
TIM_CCxChannelCmd        0x800'0aed   0x24  Code  Gb  stm32f0xx_hal_tim.o [1]
TIM_DMADelayPulseCplt    0x800'0769   0x44  Code  Gb  stm32f0xx_hal_tim.o [1]
TIM_DMADelayPulseHalfCplt
                         0x800'07ad   0x44  Code  Gb  stm32f0xx_hal_tim.o [1]
TIM_DMAError             0x800'0755   0x14  Code  Gb  stm32f0xx_hal_tim.o [1]
TIM_ETR_SetConfig        0x800'0ac1   0x18  Code  Gb  stm32f0xx_hal_tim.o [1]
TIM_ITRx_SetConfig       0x800'0ab1   0x10  Code  Lc  stm32f0xx_hal_tim.o [1]
TIM_OC1_SetConfig        0x800'0879   0x7c  Code  Lc  stm32f0xx_hal_tim.o [1]
TIM_OC2_SetConfig        0x800'08f5   0x74  Code  Gb  stm32f0xx_hal_tim.o [1]
TIM_OC3_SetConfig        0x800'0969   0x70  Code  Lc  stm32f0xx_hal_tim.o [1]
TIM_OC4_SetConfig        0x800'09e5   0x56  Code  Lc  stm32f0xx_hal_tim.o [1]
TIM_TI1_ConfigInputStage
                         0x800'0a55   0x24  Code  Lc  stm32f0xx_hal_tim.o [1]
TIM_TI2_ConfigInputStage
                         0x800'0a7d   0x26  Code  Lc  stm32f0xx_hal_tim.o [1]
UART_AdvFeatureConfig    0x800'2f21   0xde  Code  Gb  stm32f0xx_hal_uart.o [1]
UART_CheckIdleState      0x800'300d   0x60  Code  Gb  stm32f0xx_hal_uart.o [1]
UART_SetConfig           0x800'2c65  0x2a0  Code  Gb  stm32f0xx_hal_uart.o [1]
UART_WaitOnFlagUntilTimeout
                         0x800'3079   0xa8  Code  Gb  stm32f0xx_hal_uart.o [1]
USERPath                0x2000'0b74    0x4  Data  Gb  fatfs.o [1]
USER_Driver             0x2000'0008   0x14  Data  Gb  user_diskio.o [1]
USER_initialize          0x800'32d5    0xc  Code  Gb  user_diskio.o [1]
USER_ioctl               0x800'3305    0x8  Code  Gb  user_diskio.o [1]
USER_read                0x800'32f1    0xa  Code  Gb  user_diskio.o [1]
USER_status              0x800'32e1    0xc  Code  Gb  user_diskio.o [1]
USER_write               0x800'32fb    0xa  Code  Gb  user_diskio.o [1]
__ICFEDIT_region_RAM_end__ {Abs}
                        0x2000'7fff         Data  Gb  <internal module>
__ICFEDIT_region_RAM_start__ {Abs}
                        0x2000'0000         Data  Gb  <internal module>
__NVIC_EnableIRQ         0x800'155d   0x18  Code  Lc  stm32f0xx_hal_cortex.o [1]
__NVIC_SetPriority       0x800'1575   0x8c  Code  Lc  stm32f0xx_hal_cortex.o [1]
__aeabi_idiv0            0x800'2639         Code  Gb  IntDivZer.o [3]
__aeabi_memcpy4          0x800'31c1         Code  Gb  ABImemcpy.o [3]
__aeabi_memcpy8          0x800'31c1         Code  Gb  ABImemcpy.o [3]
__aeabi_memset           0x800'25e9         Code  Gb  ABImemset.o [3]
__aeabi_uidiv            0x800'18bd         Code  Gb  I32DivModFast.o [3]
__aeabi_uidivmod         0x800'18bd         Code  Gb  I32DivModFast.o [3]
__cmain                  0x800'3355         Code  Gb  cmain.o [3]
__exit                   0x800'338d   0x14  Code  Gb  exit.o [4]
__iar_Memset4_word       0x800'2609         Code  Gb  ABImemset.o [3]
__iar_Memset_word        0x800'25f5         Code  Gb  ABImemset.o [3]
__iar_data_init3         0x800'330d   0x28  Code  Gb  data_init.o [3]
__iar_packbits_init_single3
                         0x800'3299   0x3c  Code  Gb  packbits_init_single.o [3]
__iar_program_start      0x800'33e1         Code  Gb  cstartup_M.o [3]
__iar_zero_init3         0x800'325d   0x3c  Code  Gb  zero_init3.o [3]
__low_level_init         0x800'3373    0x4  Code  Gb  low_level_init.o [2]
__vector_table           0x800'0000         Data  Gb  startup_stm32f091xc.o [1]
_call_main               0x800'3361         Code  Gb  cmain.o [3]
_exit                    0x800'3381         Code  Gb  cexit.o [3]
_main                    0x800'336f         Code  Gb  cmain.o [3]
direct                  0x2000'079c    0x4  Data  Lc  ws2812_task.o [1]
disk                    0x2000'0b68    0xc  Data  Gb  ff_gen_drv.o [1]
exit                     0x800'3377    0x8  Code  Gb  exit.o [2]
hadc                    0x2000'0a14   0x40  Data  Gb  adc.o [1]
hdac                    0x2000'0b54   0x14  Data  Gb  dac.o [1]
hdma_tim16_ch1_up       0x2000'09d0   0x44  Data  Gb  tim.o [1]
hspi2                   0x2000'096c   0x64  Data  Gb  spi.o [1]
htim1                   0x2000'0a54   0x40  Data  Gb  tim.o [1]
htim16                  0x2000'0b14   0x40  Data  Gb  tim.o [1]
htim3                   0x2000'0a94   0x40  Data  Gb  tim.o [1]
htim6                   0x2000'0ad4   0x40  Data  Gb  tim.o [1]
huart6                  0x2000'08ec   0x80  Data  Gb  usart.o [1]
init_control_task        0x800'1e25    0x8  Code  Gb  control_task.o [1]
init_wifi_task           0x800'1e31    0x8  Code  Gb  wifi_task.o [1]
init_ws2812_task         0x800'11c7    0x8  Code  Gb  ws2812_task.o [1]
led_color               0x2000'07a4    0x4  Data  Gb  ws2812_task.o [1]
led_counter             0x2000'0b80    0x4  Data  Lc  ws2812_task.o [1]
led_max                 0x2000'07a0    0x4  Data  Lc  ws2812_task.o [1]
led_pwm0                0x2000'0b8c    0x1  Data  Gb  ws2812_task.o [1]
led_pwm1                0x2000'0b8d    0x1  Data  Gb  ws2812_task.o [1]
led_run                 0x2000'0b8b    0x1  Data  Lc  ws2812_task.o [1]
main                     0x800'1349   0x6a  Code  Gb  main.o [1]
memset                   0x800'1459   0x14  Code  Gb  memset.o [3]
pt_control              0x2000'0b84    0x2  Data  Lc  control_task.o [1]
pt_wifi                 0x2000'0b86    0x2  Data  Lc  wifi_task.o [1]
pt_ws2812               0x2000'0b88    0x2  Data  Lc  ws2812_task.o [1]
pwm_buffer              0x2000'001c  0x780  Data  Lc  ws2812_task.o [1]
pwm_index               0x2000'0b7c    0x4  Data  Lc  ws2812_task.o [1]
retUSER                 0x2000'0b8a    0x1  Data  Gb  fatfs.o [1]
uwTick                  0x2000'0b78    0x4  Data  Gb  stm32f0xx_hal.o [1]
uwTickFreq              0x2000'07a8    0x1  Data  Gb  stm32f0xx_hal.o [1]
uwTickPrio              0x2000'0000    0x4  Data  Gb  stm32f0xx_hal.o [1]
ws2812_task              0x800'11cf  0x108  Code  Gb  ws2812_task.o [1]
ws_led_2_pwm             0x800'1199   0x2e  Code  Gb  ws2812_task.o [1]
ws_start_update          0x800'1191    0x8  Code  Gb  ws2812_task.o [1]
ws_string               0x2000'07ac  0x140  Data  Lc  ws2812_task.o [1]
ws_timer_irq             0x800'12d7   0x2c  Code  Gb  ws2812_task.o [1]


[1] = B:\Works\temp\RayPong\Project\EWARM\RayPong\Obj
[2] = dl6M_tlf.a
[3] = rt6M_tl.a
[4] = shb_l.a

  13'262 bytes of readonly  code memory
     164 bytes of readonly  data memory
   7'052 bytes of readwrite data memory

Errors: none
Warnings: none
